<?xml version="1.0" encoding="utf-8"?><testsuites name="pytest tests"><testsuite name="pytest" errors="0" failures="0" skipped="2" tests="378" time="89.411" timestamp="2026-06-22T23:03:29.898699+02:00" hostname="Mac.homenet.telecomitalia.it"><testcase classname="cwl-v1.2-main.conformance_tests.cwltest.yaml" name="stdout_redirect_mediumcut_docker" file="cwl-v1.2-main/conformance_tests.cwltest.yaml" line="0" time="8.627" /><testcase classname="cwl-v1.2-main.conformance_tests.cwltest.yaml" name="wf_scatter_nested_crossproduct_secondempty" file="cwl-v1.2-main/conformance_tests.cwltest.yaml" line="0" time="7.229" /><testcase classname="cwl-v1.2-main.conformance_tests.cwltest.yaml" name="wf_input_default_provided" file="cwl-v1.2-main/conformance_tests.cwltest.yaml" line="0" time="8.947" /><testcase classname="cwl-v1.2-main.conformance_tests.cwltest.yaml" name="rename" file="cwl-v1.2-main/conformance_tests.cwltest.yaml" line="0" time="7.269" /><testcase classname="cwl-v1.2-main.conformance_tests.cwltest.yaml" name="expression_any_nodefaultany" file="cwl-v1.2-main/conformance_tests.cwltest.yaml" line="0" time="7.100" /><testcase classname="cwl-v1.2-main.conformance_tests.cwltest.yaml" name="cl_basic_generation" file="cwl-v1.2-main/conformance_tests.cwltest.yaml" line="0" time="8.764" /><testcase classname="cwl-v1.2-main.conformance_tests.cwltest.yaml" name="wf_wc_expressiontool" file="cwl-v1.2-main/conformance_tests.cwltest.yaml" line="0" time="8.003" /><testcase classname="cwl-v1.2-main.conformance_tests.cwltest.yaml" name="format_checking" file="cwl-v1.2-main/conformance_tests.cwltest.yaml" line="0" time="7.186" /><testcase classname="cwl-v1.2-main.conformance_tests.cwltest.yaml" name="requirement_workflow_steps" file="cwl-v1.2-main/conformance_tests.cwltest.yaml" line="0" time="7.218" /><testcase classname="cwl-v1.2-main.conformance_tests.cwltest.yaml" name="valuefrom_wf_step_other" file="cwl-v1.2-main/conformance_tests.cwltest.yaml" line="0" time="8.891" /><testcase classname="cwl-v1.2-main.conformance_tests.cwltest.yaml" name="wf_scatter_twoparam_nested_crossproduct_valuefrom" file="cwl-v1.2-main/conformance_tests.cwltest.yaml" line="0" time="7.813" /><testcase classname="cwl-v1.2-main.conformance_tests.cwltest.yaml" name="expression_any_null_nodefaultany" file="cwl-v1.2-main/conformance_tests.cwltest.yaml" line="0" time="0.131" /><testcase classname="cwl-v1.2-main.conformance_tests.cwltest.yaml" name="format_checking_subclass" file="cwl-v1.2-main/conformance_tests.cwltest.yaml" line="0" time="14.305" /><testcase classname="cwl-v1.2-main.conformance_tests.cwltest.yaml" name="wf_scatter_nested_crossproduct_firstempty" file="cwl-v1.2-main/conformance_tests.cwltest.yaml" line="0" time="0.654" /><testcase classname="cwl-v1.2-main.conformance_tests.cwltest.yaml" name="expression_any_nullstring_nodefaultany" file="cwl-v1.2-main/conformance_tests.cwltest.yaml" line="0" time="0.714" /><testcase classname="cwl-v1.2-main.conformance_tests.cwltest.yaml" name="step_input_default_value" file="cwl-v1.2-main/conformance_tests.cwltest.yaml" line="0" time="0.861" /><testcase classname="cwl-v1.2-main.conformance_tests.cwltest.yaml" name="initial_workdir_trailingnl" file="cwl-v1.2-main/conformance_tests.cwltest.yaml" line="0" time="0.358" /><testcase classname="cwl-v1.2-main.conformance_tests.cwltest.yaml" name="inline_expressions" file="cwl-v1.2-main/conformance_tests.cwltest.yaml" line="0" time="2.454" /><testcase classname="cwl-v1.2-main.conformance_tests.cwltest.yaml" name="wf_scatter_flat_crossproduct_oneempty" file="cwl-v1.2-main/conformance_tests.cwltest.yaml" line="0" time="0.595" /><testcase classname="cwl-v1.2-main.conformance_tests.cwltest.yaml" name="wf_scatter_twoparam_flat_crossproduct_valuefrom" file="cwl-v1.2-main/conformance_tests.cwltest.yaml" line="0" time="1.106" /><testcase classname="cwl-v1.2-main.conformance_tests.cwltest.yaml" name="any_outputSource_compatibility" file="cwl-v1.2-main/conformance_tests.cwltest.yaml" line="0" time="0.396" /><testcase classname="cwl-v1.2-main.conformance_tests.cwltest.yaml" name="wf_wc_scatter" file="cwl-v1.2-main/conformance_tests.cwltest.yaml" line="0" time="2.285" /><testcase classname="cwl-v1.2-main.conformance_tests.cwltest.yaml" name="step_input_default_value_nosource" file="cwl-v1.2-main/conformance_tests.cwltest.yaml" line="0" time="0.520" /><testcase classname="cwl-v1.2-main.conformance_tests.cwltest.yaml" name="stdinout_redirect" file="cwl-v1.2-main/conformance_tests.cwltest.yaml" line="0" time="0.364" /><testcase classname="cwl-v1.2-main.conformance_tests.cwltest.yaml" name="wf_scatter_dotproduct_twoempty" file="cwl-v1.2-main/conformance_tests.cwltest.yaml" line="0" time="0.437" /><testcase classname="cwl-v1.2-main.conformance_tests.cwltest.yaml" name="stderr_redirect" file="cwl-v1.2-main/conformance_tests.cwltest.yaml" line="0" time="0.228" /><testcase classname="cwl-v1.2-main.conformance_tests.cwltest.yaml" name="step_input_default_value_nullsource" file="cwl-v1.2-main/conformance_tests.cwltest.yaml" line="0" time="0.570" /><testcase classname="cwl-v1.2-main.conformance_tests.cwltest.yaml" name="expression_parseint" file="cwl-v1.2-main/conformance_tests.cwltest.yaml" line="0" time="0.272" /><testcase classname="cwl-v1.2-main.conformance_tests.cwltest.yaml" name="nested_prefixes_arrays" file="cwl-v1.2-main/conformance_tests.cwltest.yaml" line="0" time="1.577" /><testcase classname="cwl-v1.2-main.conformance_tests.cwltest.yaml" name="stderr_redirect_shortcut" file="cwl-v1.2-main/conformance_tests.cwltest.yaml" line="0" time="0.283" /><testcase classname="cwl-v1.2-main.conformance_tests.cwltest.yaml" name="record_output_binding" file="cwl-v1.2-main/conformance_tests.cwltest.yaml" line="0" time="0.388" /><testcase classname="cwl-v1.2-main.conformance_tests.cwltest.yaml" name="any_input_param" file="cwl-v1.2-main/conformance_tests.cwltest.yaml" line="0" time="0.406" /><testcase classname="cwl-v1.2-main.conformance_tests.cwltest.yaml" name="wf_default_tool_default" file="cwl-v1.2-main/conformance_tests.cwltest.yaml" line="0" time="0.421" /><testcase classname="cwl-v1.2-main.conformance_tests.cwltest.yaml" name="expression_outputEval" file="cwl-v1.2-main/conformance_tests.cwltest.yaml" line="0" time="1.675" /><testcase classname="cwl-v1.2-main.conformance_tests.cwltest.yaml" name="wf_scatter_twoparam_dotproduct_valuefrom" file="cwl-v1.2-main/conformance_tests.cwltest.yaml" line="0" time="1.017" /><testcase classname="cwl-v1.2-main.conformance_tests.cwltest.yaml" name="stderr_redirect_mediumcut" file="cwl-v1.2-main/conformance_tests.cwltest.yaml" line="0" time="0.341" /><testcase classname="cwl-v1.2-main.conformance_tests.cwltest.yaml" name="step_input_default_value_overriden" file="cwl-v1.2-main/conformance_tests.cwltest.yaml" line="0" time="0.660" /><testcase classname="cwl-v1.2-main.conformance_tests.cwltest.yaml" name="docker_json_output_path" file="cwl-v1.2-main/conformance_tests.cwltest.yaml" line="0" time="1.322" /><testcase classname="cwl-v1.2-main.conformance_tests.cwltest.yaml" name="nested_workflow" file="cwl-v1.2-main/conformance_tests.cwltest.yaml" line="0" time="0.957" /><testcase classname="cwl-v1.2-main.conformance_tests.cwltest.yaml" name="envvar_req" file="cwl-v1.2-main/conformance_tests.cwltest.yaml" line="0" time="0.281" /><testcase classname="cwl-v1.2-main.conformance_tests.cwltest.yaml" name="stdinout_redirect_docker" file="cwl-v1.2-main/conformance_tests.cwltest.yaml" line="0" time="1.581" /><testcase classname="cwl-v1.2-main.conformance_tests.cwltest.yaml" name="wf_scatter_single_param" file="cwl-v1.2-main/conformance_tests.cwltest.yaml" line="0" time="0.851" /><testcase classname="cwl-v1.2-main.conformance_tests.cwltest.yaml" name="wf_simple" file="cwl-v1.2-main/conformance_tests.cwltest.yaml" line="0" time="3.017" /><testcase classname="cwl-v1.2-main.conformance_tests.cwltest.yaml" name="wf_scatter_oneparam_valuefrom_twice_current_el" file="cwl-v1.2-main/conformance_tests.cwltest.yaml" line="0" time="0.598" /><testcase classname="cwl-v1.2-main.conformance_tests.cwltest.yaml" name="schemadef_req_tool_param" file="cwl-v1.2-main/conformance_tests.cwltest.yaml" line="0" time="0.321" /><testcase classname="cwl-v1.2-main.conformance_tests.cwltest.yaml" name="requirement_priority" file="cwl-v1.2-main/conformance_tests.cwltest.yaml" line="0" time="0.498" /><testcase classname="cwl-v1.2-main.conformance_tests.cwltest.yaml" name="wf_wc_scatter_multiple_merge" file="cwl-v1.2-main/conformance_tests.cwltest.yaml" line="0" time="1.142" /><testcase classname="cwl-v1.2-main.conformance_tests.cwltest.yaml" name="nested_cl_bindings" file="cwl-v1.2-main/conformance_tests.cwltest.yaml" line="0" time="2.041" /><testcase classname="cwl-v1.2-main.conformance_tests.cwltest.yaml" name="schemadef_req_wf_param" file="cwl-v1.2-main/conformance_tests.cwltest.yaml" line="0" time="0.449" /><testcase classname="cwl-v1.2-main.conformance_tests.cwltest.yaml" name="wf_scatter_two_nested_crossproduct" file="cwl-v1.2-main/conformance_tests.cwltest.yaml" line="0" time="0.586" /><testcase classname="cwl-v1.2-main.conformance_tests.cwltest.yaml" name="docker_json_output_location" file="cwl-v1.2-main/conformance_tests.cwltest.yaml" line="0" time="1.048" /><testcase classname="cwl-v1.2-main.conformance_tests.cwltest.yaml" name="wf_scatter_oneparam_valueFrom" file="cwl-v1.2-main/conformance_tests.cwltest.yaml" line="0" time="0.714" /><testcase classname="cwl-v1.2-main.conformance_tests.cwltest.yaml" name="wf_wc_parseInt" file="cwl-v1.2-main/conformance_tests.cwltest.yaml" line="0" time="0.771" /><testcase classname="cwl-v1.2-main.conformance_tests.cwltest.yaml" name="requirement_override_hints" file="cwl-v1.2-main/conformance_tests.cwltest.yaml" line="0" time="0.359" /><testcase classname="cwl-v1.2-main.conformance_tests.cwltest.yaml" name="param_evaluation_noexpr" file="cwl-v1.2-main/conformance_tests.cwltest.yaml" line="0" time="1.091" /><testcase classname="cwl-v1.2-main.conformance_tests.cwltest.yaml" name="expression_any" file="cwl-v1.2-main/conformance_tests.cwltest.yaml" line="0" time="0.501" /><testcase classname="cwl-v1.2-main.conformance_tests.cwltest.yaml" name="wf_scatter_two_flat_crossproduct" file="cwl-v1.2-main/conformance_tests.cwltest.yaml" line="0" time="0.884" /><testcase classname="cwl-v1.2-main.conformance_tests.cwltest.yaml" name="initial_workdir_output" file="cwl-v1.2-main/conformance_tests.cwltest.yaml" line="0" time="1.727" /><testcase classname="cwl-v1.2-main.conformance_tests.cwltest.yaml" name="wf_two_inputfiles_namecollision" file="cwl-v1.2-main/conformance_tests.cwltest.yaml" line="0" time="0.838" /><testcase classname="cwl-v1.2-main.conformance_tests.cwltest.yaml" name="directory_output" file="cwl-v1.2-main/conformance_tests.cwltest.yaml" line="0" time="0.343" /><testcase classname="cwl-v1.2-main.conformance_tests.cwltest.yaml" name="wf_wc_scatter_multiple_nested" file="cwl-v1.2-main/conformance_tests.cwltest.yaml" line="0" time="1.346" /><testcase classname="cwl-v1.2-main.conformance_tests.cwltest.yaml" name="expression_any_null" file="cwl-v1.2-main/conformance_tests.cwltest.yaml" line="0" time="0.195" /><testcase classname="cwl-v1.2-main.conformance_tests.cwltest.yaml" name="json_output_path_relative" file="cwl-v1.2-main/conformance_tests.cwltest.yaml" line="0" time="1.498" /><testcase classname="cwl-v1.2-main.conformance_tests.cwltest.yaml" name="expression_any_string" file="cwl-v1.2-main/conformance_tests.cwltest.yaml" line="0" time="0.140" /><testcase classname="cwl-v1.2-main.conformance_tests.cwltest.yaml" name="directory_secondaryfiles" file="cwl-v1.2-main/conformance_tests.cwltest.yaml" line="0" time="0.216" /><testcase classname="cwl-v1.2-main.conformance_tests.cwltest.yaml" name="null_missing_params" file="cwl-v1.2-main/conformance_tests.cwltest.yaml" line="0" time="0.279" /><testcase classname="cwl-v1.2-main.conformance_tests.cwltest.yaml" name="param_evaluation_expr" file="cwl-v1.2-main/conformance_tests.cwltest.yaml" line="0" time="0.804" /><testcase classname="cwl-v1.2-main.conformance_tests.cwltest.yaml" name="wf_scatter_two_dotproduct" file="cwl-v1.2-main/conformance_tests.cwltest.yaml" line="0" time="0.495" /><testcase classname="cwl-v1.2-main.conformance_tests.cwltest.yaml" name="dynamic_initial_workdir" file="cwl-v1.2-main/conformance_tests.cwltest.yaml" line="0" time="0.394" /><testcase classname="cwl-v1.2-main.conformance_tests.cwltest.yaml" name="directory_input_param_ref" file="cwl-v1.2-main/conformance_tests.cwltest.yaml" line="0" time="0.292" /><testcase classname="cwl-v1.2-main.conformance_tests.cwltest.yaml" name="param_notnull_expr" file="cwl-v1.2-main/conformance_tests.cwltest.yaml" line="0" time="0.320" /><testcase classname="cwl-v1.2-main.conformance_tests.cwltest.yaml" name="cl_optional_inputs_missing" file="cwl-v1.2-main/conformance_tests.cwltest.yaml" line="0" time="1.827" /><testcase classname="cwl-v1.2-main.conformance_tests.cwltest.yaml" name="writable_stagedfiles" file="cwl-v1.2-main/conformance_tests.cwltest.yaml" line="0" time="1.822" /><testcase classname="cwl-v1.2-main.conformance_tests.cwltest.yaml" name="directory_input_docker" file="cwl-v1.2-main/conformance_tests.cwltest.yaml" line="0" time="1.792" /><testcase classname="cwl-v1.2-main.conformance_tests.cwltest.yaml" name="wf_scatter_emptylist" file="cwl-v1.2-main/conformance_tests.cwltest.yaml" line="0" time="0.268" /><testcase classname="cwl-v1.2-main.conformance_tests.cwltest.yaml" name="wf_compound_doc" file="cwl-v1.2-main/conformance_tests.cwltest.yaml" line="0" time="3.911" /><testcase classname="cwl-v1.2-main.conformance_tests.cwltest.yaml" name="valuefrom_constant_overrides_inputs" file="cwl-v1.2-main/conformance_tests.cwltest.yaml" line="0" time="1.873" /><testcase classname="cwl-v1.2-main.conformance_tests.cwltest.yaml" name="metadata" file="cwl-v1.2-main/conformance_tests.cwltest.yaml" line="0" time="1.537" /><testcase classname="cwl-v1.2-main.conformance_tests.cwltest.yaml" name="wf_wc_scatter_multiple_flattened" file="cwl-v1.2-main/conformance_tests.cwltest.yaml" line="0" time="0.494" /><testcase classname="cwl-v1.2-main.conformance_tests.cwltest.yaml" name="embedded_subworkflow" file="cwl-v1.2-main/conformance_tests.cwltest.yaml" line="0" time="0.269" /><testcase classname="cwl-v1.2-main.conformance_tests.cwltest.yaml" name="hints_unknown_ignored" file="cwl-v1.2-main/conformance_tests.cwltest.yaml" line="0" time="2.573" /><testcase classname="cwl-v1.2-main.conformance_tests.cwltest.yaml" name="filesarray_secondaryfiles" file="cwl-v1.2-main/conformance_tests.cwltest.yaml" line="0" time="2.094" /><testcase classname="cwl-v1.2-main.conformance_tests.cwltest.yaml" name="json_output_location_relative" file="cwl-v1.2-main/conformance_tests.cwltest.yaml" line="0" time="1.517" /><testcase classname="cwl-v1.2-main.conformance_tests.cwltest.yaml" name="wf_wc_nomultiple" file="cwl-v1.2-main/conformance_tests.cwltest.yaml" line="0" time="0.223" /><testcase classname="cwl-v1.2-main.conformance_tests.cwltest.yaml" name="wf_wc_nomultiple_merge_nested" file="cwl-v1.2-main/conformance_tests.cwltest.yaml" line="0" time="0.372" /><testcase classname="cwl-v1.2-main.conformance_tests.cwltest.yaml" name="wf_input_default_missing" file="cwl-v1.2-main/conformance_tests.cwltest.yaml" line="0" time="0.528" /><testcase classname="cwl-v1.2-main.conformance_tests.cwltest.yaml" name="cl_optional_bindings_provided" file="cwl-v1.2-main/conformance_tests.cwltest.yaml" line="0" time="2.830" /><testcase classname="cwl-v1.2-main.conformance_tests.cwltest.yaml" name="input_file_literal" file="cwl-v1.2-main/conformance_tests.cwltest.yaml" line="0" time="1.940" /><testcase classname="cwl-v1.2-main.conformance_tests.cwltest.yaml" name="dynamic_resreq_inputs" file="cwl-v1.2-main/conformance_tests.cwltest.yaml" line="0" time="0.196" /><testcase classname="cwl-v1.2-main.conformance_tests.cwltest.yaml" name="scatter_multi_input_embedded_subworkflow" file="cwl-v1.2-main/conformance_tests.cwltest.yaml" line="0" time="0.364" /><testcase classname="cwl-v1.2-main.conformance_tests.cwltest.yaml" name="workflow_integer_input_default_unspecified" file="cwl-v1.2-main/conformance_tests.cwltest.yaml" line="0" time="0.245" /><testcase classname="cwl-v1.2-main.conformance_tests.cwltest.yaml" name="fileliteral_input_docker" file="cwl-v1.2-main/conformance_tests.cwltest.yaml" line="0" time="0.204" /><testcase classname="cwl-v1.2-main.conformance_tests.cwltest.yaml" name="dynamic_resreq_filesizes" file="cwl-v1.2-main/conformance_tests.cwltest.yaml" line="0" time="0.127" /><testcase classname="cwl-v1.2-main.conformance_tests.cwltest.yaml" name="workflow_integer_input_default_and_tool_integer_input_default" file="cwl-v1.2-main/conformance_tests.cwltest.yaml" line="0" time="0.192" /><testcase classname="cwl-v1.2-main.conformance_tests.cwltest.yaml" name="outputbinding_glob_sorted" file="cwl-v1.2-main/conformance_tests.cwltest.yaml" line="0" time="0.166" /><testcase classname="cwl-v1.2-main.conformance_tests.cwltest.yaml" name="workflow_embedded_subworkflow_embedded_subsubworkflow" file="cwl-v1.2-main/conformance_tests.cwltest.yaml" line="0" time="0.384" /><testcase classname="cwl-v1.2-main.conformance_tests.cwltest.yaml" name="multiple_glob_expr_list" file="cwl-v1.2-main/conformance_tests.cwltest.yaml" line="0" time="0.193" /><testcase classname="cwl-v1.2-main.conformance_tests.cwltest.yaml" name="wf_step_connect_undeclared_param" file="cwl-v1.2-main/conformance_tests.cwltest.yaml" line="0" time="0.373" /><testcase classname="cwl-v1.2-main.conformance_tests.cwltest.yaml" name="initialworkdir_nesteddir" file="cwl-v1.2-main/conformance_tests.cwltest.yaml" line="0" time="0.428" /><testcase classname="cwl-v1.2-main.conformance_tests.cwltest.yaml" name="workflow_file_input_default_unspecified" file="cwl-v1.2-main/conformance_tests.cwltest.yaml" line="0" time="0.352" /><testcase classname="cwl-v1.2-main.conformance_tests.cwltest.yaml" name="wf_scatter_oneparam_valuefrom" file="cwl-v1.2-main/conformance_tests.cwltest.yaml" line="0" time="0.748" /><testcase classname="cwl-v1.2-main.conformance_tests.cwltest.yaml" name="workflow_embedded_subworkflow_with_tool_and_subsubworkflow" file="cwl-v1.2-main/conformance_tests.cwltest.yaml" line="0" time="0.551" /><testcase classname="cwl-v1.2-main.conformance_tests.cwltest.yaml" name="wf_step_access_undeclared_param" file="cwl-v1.2-main/conformance_tests.cwltest.yaml" line="0" time="0.308" /><testcase classname="cwl-v1.2-main.conformance_tests.cwltest.yaml" name="workflow_file_input_default_specified" file="cwl-v1.2-main/conformance_tests.cwltest.yaml" line="0" time="0.303" /><testcase classname="cwl-v1.2-main.conformance_tests.cwltest.yaml" name="filesarray_secondaryfiles2" file="cwl-v1.2-main/conformance_tests.cwltest.yaml" line="0" time="0.193" /><testcase classname="cwl-v1.2-main.conformance_tests.cwltest.yaml" name="booleanflags_cl_noinputbinding" file="cwl-v1.2-main/conformance_tests.cwltest.yaml" line="0" time="2.300" /><testcase classname="cwl-v1.2-main.conformance_tests.cwltest.yaml" name="exprtool_directory_literal" file="cwl-v1.2-main/conformance_tests.cwltest.yaml" line="0" time="0.254" /><testcase classname="cwl-v1.2-main.conformance_tests.cwltest.yaml" name="env_home_tmpdir_docker_no_return_code" file="cwl-v1.2-main/conformance_tests.cwltest.yaml" line="0" time="1.910" /><testcase classname="cwl-v1.2-main.conformance_tests.cwltest.yaml" name="initial_workdir_secondary_files_expr" file="cwl-v1.2-main/conformance_tests.cwltest.yaml" line="0" time="6.031" /><testcase classname="cwl-v1.2-main.conformance_tests.cwltest.yaml" name="clt_optional_union_input_file_or_files_with_array_of_one_file_provided" file="cwl-v1.2-main/conformance_tests.cwltest.yaml" line="0" time="0.420" /><testcase classname="cwl-v1.2-main.conformance_tests.cwltest.yaml" name="workflow_embedded_subworkflow_with_subsubworkflow_and_tool" file="cwl-v1.2-main/conformance_tests.cwltest.yaml" line="0" time="0.874" /><testcase classname="cwl-v1.2-main.conformance_tests.cwltest.yaml" name="clt_any_input_with_string_provided" file="cwl-v1.2-main/conformance_tests.cwltest.yaml" line="0" time="0.787" /><testcase classname="cwl-v1.2-main.conformance_tests.cwltest.yaml" name="exprtool_file_literal" file="cwl-v1.2-main/conformance_tests.cwltest.yaml" line="0" time="0.281" /><testcase classname="cwl-v1.2-main.conformance_tests.cwltest.yaml" name="clt_optional_union_input_file_or_files_with_many_files_provided" file="cwl-v1.2-main/conformance_tests.cwltest.yaml" line="0" time="0.472" /><testcase classname="cwl-v1.2-main.conformance_tests.cwltest.yaml" name="dockeroutputdir" file="cwl-v1.2-main/conformance_tests.cwltest.yaml" line="0" time="1.630" /><testcase classname="cwl-v1.2-main.conformance_tests.cwltest.yaml" name="initial_workdir_expr" file="cwl-v1.2-main/conformance_tests.cwltest.yaml" line="0" time="0.139" /><testcase classname="cwl-v1.2-main.conformance_tests.cwltest.yaml" name="nameroot_nameext_stdout_expr" file="cwl-v1.2-main/conformance_tests.cwltest.yaml" line="0" time="0.442" /><testcase classname="cwl-v1.2-main.conformance_tests.cwltest.yaml" name="clt_optional_union_input_file_or_files_with_single_file_provided" file="cwl-v1.2-main/conformance_tests.cwltest.yaml" line="0" time="0.356" /><testcase classname="cwl-v1.2-main.conformance_tests.cwltest.yaml" name="clt_any_input_with_file_provided" file="cwl-v1.2-main/conformance_tests.cwltest.yaml" line="0" time="0.714" /><testcase classname="cwl-v1.2-main.conformance_tests.cwltest.yaml" name="nameroot_nameext_generated" file="cwl-v1.2-main/conformance_tests.cwltest.yaml" line="0" time="0.586" /><testcase classname="cwl-v1.2-main.conformance_tests.cwltest.yaml" name="workflow_records_inputs_and_outputs" file="cwl-v1.2-main/conformance_tests.cwltest.yaml" line="0" time="0.658" /><testcase classname="cwl-v1.2-main.conformance_tests.cwltest.yaml" name="input_dir_inputbinding" file="cwl-v1.2-main/conformance_tests.cwltest.yaml" line="0" time="0.384" /><testcase classname="cwl-v1.2-main.conformance_tests.cwltest.yaml" name="clt_optional_union_input_file_or_files_with_nothing_provided" file="cwl-v1.2-main/conformance_tests.cwltest.yaml" line="0" time="0.475" /><testcase classname="cwl-v1.2-main.conformance_tests.cwltest.yaml" name="initialworkpath_output" file="cwl-v1.2-main/conformance_tests.cwltest.yaml" line="0" time="0.336" /><testcase classname="cwl-v1.2-main.conformance_tests.cwltest.yaml" name="initworkdir_expreng_requirements" file="cwl-v1.2-main/conformance_tests.cwltest.yaml" line="0" time="1.984" /><testcase classname="cwl-v1.2-main.conformance_tests.cwltest.yaml" name="cl_gen_arrayofarrays" file="cwl-v1.2-main/conformance_tests.cwltest.yaml" line="0" time="0.279" /><testcase classname="cwl-v1.2-main.conformance_tests.cwltest.yaml" name="clt_any_input_with_mixed_array_provided" file="cwl-v1.2-main/conformance_tests.cwltest.yaml" line="0" time="0.645" /><testcase classname="cwl-v1.2-main.conformance_tests.cwltest.yaml" name="workflow_integer_input" file="cwl-v1.2-main/conformance_tests.cwltest.yaml" line="0" time="0.342" /><testcase classname="cwl-v1.2-main.conformance_tests.cwltest.yaml" name="clt_any_input_with_integer_provided" file="cwl-v1.2-main/conformance_tests.cwltest.yaml" line="0" time="0.905" /><testcase classname="cwl-v1.2-main.conformance_tests.cwltest.yaml" name="wf_scatter_oneparam_valuefrom_inputs" file="cwl-v1.2-main/conformance_tests.cwltest.yaml" line="0" time="0.649" /><testcase classname="cwl-v1.2-main.conformance_tests.cwltest.yaml" name="wf_scatter_twopar_oneinput_flattenedmerge" file="cwl-v1.2-main/conformance_tests.cwltest.yaml" line="0" time="2.056" /><testcase classname="cwl-v1.2-main.conformance_tests.cwltest.yaml" name="env_home_tmpdir" file="cwl-v1.2-main/conformance_tests.cwltest.yaml" line="0" time="0.310" /><testcase classname="cwl-v1.2-main.conformance_tests.cwltest.yaml" name="workflow_integer_input_optional_specified" file="cwl-v1.2-main/conformance_tests.cwltest.yaml" line="0" time="0.340" /><testcase classname="cwl-v1.2-main.conformance_tests.cwltest.yaml" name="expr_reference_self_noinput" file="cwl-v1.2-main/conformance_tests.cwltest.yaml" line="0" time="2.587" /><testcase classname="cwl-v1.2-main.conformance_tests.cwltest.yaml" name="hints_import" file="cwl-v1.2-main/conformance_tests.cwltest.yaml" line="0" time="0.260" /><testcase classname="cwl-v1.2-main.conformance_tests.cwltest.yaml" name="env_home_tmpdir_docker" file="cwl-v1.2-main/conformance_tests.cwltest.yaml" line="0" time="1.643" /><testcase classname="cwl-v1.2-main.conformance_tests.cwltest.yaml" name="clt_any_input_with_record_provided" file="cwl-v1.2-main/conformance_tests.cwltest.yaml" line="0" time="0.593" /><testcase classname="cwl-v1.2-main.conformance_tests.cwltest.yaml" name="workflow_integer_input_optional_unspecified" file="cwl-v1.2-main/conformance_tests.cwltest.yaml" line="0" time="0.323" /><testcase classname="cwl-v1.2-main.conformance_tests.cwltest.yaml" name="default_path_notfound_warning" file="cwl-v1.2-main/conformance_tests.cwltest.yaml" line="0" time="0.343" /><testcase classname="cwl-v1.2-main.conformance_tests.cwltest.yaml" name="packed_import_schema" file="cwl-v1.2-main/conformance_tests.cwltest.yaml" line="0" time="2.477" /><testcase classname="cwl-v1.2-main.conformance_tests.cwltest.yaml" name="docker_entrypoint" file="cwl-v1.2-main/conformance_tests.cwltest.yaml" line="0" time="0.001"><skipped type="pytest.skip" message="Test 'docker_entrypoint' is in the exclude list.">/Users/icolonne/Projects/streamflow/streamflow/cwl-v1.2-main/conformance_tests.cwltest.yaml:1: Test 'docker_entrypoint' is in the exclude list.</skipped></testcase><testcase classname="cwl-v1.2-main.conformance_tests.cwltest.yaml" name="clt_file_size_property_with_empty_file" file="cwl-v1.2-main/conformance_tests.cwltest.yaml" line="0" time="0.394" /><testcase classname="cwl-v1.2-main.conformance_tests.cwltest.yaml" name="workflow_integer_input_default_specified" file="cwl-v1.2-main/conformance_tests.cwltest.yaml" line="0" time="0.359" /><testcase classname="cwl-v1.2-main.conformance_tests.cwltest.yaml" name="inlinejs_req_expressions" file="cwl-v1.2-main/conformance_tests.cwltest.yaml" line="0" time="3.199" /><testcase classname="cwl-v1.2-main.conformance_tests.cwltest.yaml" name="workflow_any_input_with_integer_provided" file="cwl-v1.2-main/conformance_tests.cwltest.yaml" line="0" time="0.595" /><testcase classname="cwl-v1.2-main.conformance_tests.cwltest.yaml" name="wf_multiplesources_multipletypes_noexp" file="cwl-v1.2-main/conformance_tests.cwltest.yaml" line="0" time="0.965" /><testcase classname="cwl-v1.2-main.conformance_tests.cwltest.yaml" name="clt_file_size_property_with_multi_file" file="cwl-v1.2-main/conformance_tests.cwltest.yaml" line="0" time="0.344" /><testcase classname="cwl-v1.2-main.conformance_tests.cwltest.yaml" name="any_without_defaults_unspecified_fails" file="cwl-v1.2-main/conformance_tests.cwltest.yaml" line="0" time="0.186" /><testcase classname="cwl-v1.2-main.conformance_tests.cwltest.yaml" name="workflow_any_input_with_string_provided" file="cwl-v1.2-main/conformance_tests.cwltest.yaml" line="0" time="0.573" /><testcase classname="cwl-v1.2-main.conformance_tests.cwltest.yaml" name="stdout_redirect_docker" file="cwl-v1.2-main/conformance_tests.cwltest.yaml" line="0" time="2.200" /><testcase classname="cwl-v1.2-main.conformance_tests.cwltest.yaml" name="any_without_defaults_specified_fails" file="cwl-v1.2-main/conformance_tests.cwltest.yaml" line="0" time="0.162" /><testcase classname="cwl-v1.2-main.conformance_tests.cwltest.yaml" name="step_input_default_value_noexp" file="cwl-v1.2-main/conformance_tests.cwltest.yaml" line="0" time="0.300" /><testcase classname="cwl-v1.2-main.conformance_tests.cwltest.yaml" name="expressionlib_tool_wf_override" file="cwl-v1.2-main/conformance_tests.cwltest.yaml" line="0" time="0.158" /><testcase classname="cwl-v1.2-main.conformance_tests.cwltest.yaml" name="wf_multiplesources_multipletypes" file="cwl-v1.2-main/conformance_tests.cwltest.yaml" line="0" time="1.084" /><testcase classname="cwl-v1.2-main.conformance_tests.cwltest.yaml" name="dynamic_resreq_wf_optional_file_default" file="cwl-v1.2-main/conformance_tests.cwltest.yaml" line="0" time="0.504" /><testcase classname="cwl-v1.2-main.conformance_tests.cwltest.yaml" name="step_input_default_value_overriden_2nd_step_null_noexp" file="cwl-v1.2-main/conformance_tests.cwltest.yaml" line="0" time="0.346" /><testcase classname="cwl-v1.2-main.conformance_tests.cwltest.yaml" name="step_input_default_value_overriden_noexp" file="cwl-v1.2-main/conformance_tests.cwltest.yaml" line="0" time="0.345" /><testcase classname="cwl-v1.2-main.conformance_tests.cwltest.yaml" name="workflow_any_input_with_file_provided" file="cwl-v1.2-main/conformance_tests.cwltest.yaml" line="0" time="0.539" /><testcase classname="cwl-v1.2-main.conformance_tests.cwltest.yaml" name="stdin_from_directory_literal_with_local_file" file="cwl-v1.2-main/conformance_tests.cwltest.yaml" line="0" time="0.250" /><testcase classname="cwl-v1.2-main.conformance_tests.cwltest.yaml" name="nested_workflow_noexp" file="cwl-v1.2-main/conformance_tests.cwltest.yaml" line="0" time="0.387" /><testcase classname="cwl-v1.2-main.conformance_tests.cwltest.yaml" name="dynamic_resreq_wf_optional_file_step_default" file="cwl-v1.2-main/conformance_tests.cwltest.yaml" line="0" time="0.505" /><testcase classname="cwl-v1.2-main.conformance_tests.cwltest.yaml" name="workflow_any_input_with_mixed_array_provided" file="cwl-v1.2-main/conformance_tests.cwltest.yaml" line="0" time="0.697" /><testcase classname="cwl-v1.2-main.conformance_tests.cwltest.yaml" name="stdin_from_directory_literal_with_literal_file" file="cwl-v1.2-main/conformance_tests.cwltest.yaml" line="0" time="0.400" /><testcase classname="cwl-v1.2-main.conformance_tests.cwltest.yaml" name="success_codes" file="cwl-v1.2-main/conformance_tests.cwltest.yaml" line="0" time="0.083" /><testcase classname="cwl-v1.2-main.conformance_tests.cwltest.yaml" name="dynamic_resreq_wf" file="cwl-v1.2-main/conformance_tests.cwltest.yaml" line="0" time="0.579" /><testcase classname="cwl-v1.2-main.conformance_tests.cwltest.yaml" name="no_outputs_workflow" file="cwl-v1.2-main/conformance_tests.cwltest.yaml" line="0" time="1.946" /><testcase classname="cwl-v1.2-main.conformance_tests.cwltest.yaml" name="job_input_secondary_subdirs" file="cwl-v1.2-main/conformance_tests.cwltest.yaml" line="0" time="0.191" /><testcase classname="cwl-v1.2-main.conformance_tests.cwltest.yaml" name="dynamic_resreq_wf_optional_file_wf_default" file="cwl-v1.2-main/conformance_tests.cwltest.yaml" line="0" time="0.611" /><testcase classname="cwl-v1.2-main.conformance_tests.cwltest.yaml" name="shelldir_notinterpreted" file="cwl-v1.2-main/conformance_tests.cwltest.yaml" line="0" time="0.370" /><testcase classname="cwl-v1.2-main.conformance_tests.cwltest.yaml" name="directory_literal_with_literal_file_nostdin" file="cwl-v1.2-main/conformance_tests.cwltest.yaml" line="0" time="0.274" /><testcase classname="cwl-v1.2-main.conformance_tests.cwltest.yaml" name="job_input_subdir_primary_and_secondary_subdirs" file="cwl-v1.2-main/conformance_tests.cwltest.yaml" line="0" time="0.540" /><testcase classname="cwl-v1.2-main.conformance_tests.cwltest.yaml" name="no_inputs_commandlinetool" file="cwl-v1.2-main/conformance_tests.cwltest.yaml" line="0" time="1.675" /><testcase classname="cwl-v1.2-main.conformance_tests.cwltest.yaml" name="secondary_files_workflow_propagation" file="cwl-v1.2-main/conformance_tests.cwltest.yaml" line="0" time="0.495" /><testcase classname="cwl-v1.2-main.conformance_tests.cwltest.yaml" name="cl_empty_array_input" file="cwl-v1.2-main/conformance_tests.cwltest.yaml" line="0" time="2.354" /><testcase classname="cwl-v1.2-main.conformance_tests.cwltest.yaml" name="shelldir_quoted" file="cwl-v1.2-main/conformance_tests.cwltest.yaml" line="0" time="0.408" /><testcase classname="cwl-v1.2-main.conformance_tests.cwltest.yaml" name="step_input_default_value_overriden_2nd_step" file="cwl-v1.2-main/conformance_tests.cwltest.yaml" line="0" time="0.825" /><testcase classname="cwl-v1.2-main.conformance_tests.cwltest.yaml" name="scatter_embedded_subworkflow" file="cwl-v1.2-main/conformance_tests.cwltest.yaml" line="0" time="0.695" /><testcase classname="cwl-v1.2-main.conformance_tests.cwltest.yaml" name="stdout_redirect_shortcut_docker" file="cwl-v1.2-main/conformance_tests.cwltest.yaml" line="0" time="1.738" /><testcase classname="cwl-v1.2-main.conformance_tests.cwltest.yaml" name="initial_workdir_empty_writable" file="cwl-v1.2-main/conformance_tests.cwltest.yaml" line="0" time="0.331" /><testcase classname="cwl-v1.2-main.conformance_tests.cwltest.yaml" name="secondary_files_missing" file="cwl-v1.2-main/conformance_tests.cwltest.yaml" line="0" time="0.449" /><testcase classname="cwl-v1.2-main.conformance_tests.cwltest.yaml" name="input_dir_recurs_copy_writable" file="cwl-v1.2-main/conformance_tests.cwltest.yaml" line="0" time="0.307" /><testcase classname="cwl-v1.2-main.conformance_tests.cwltest.yaml" name="format_checking_equivalentclass" file="cwl-v1.2-main/conformance_tests.cwltest.yaml" line="0" time="7.021" /><testcase classname="cwl-v1.2-main.conformance_tests.cwltest.yaml" name="workflow_any_input_with_record_provided" file="cwl-v1.2-main/conformance_tests.cwltest.yaml" line="0" time="1.267" /><testcase classname="cwl-v1.2-main.conformance_tests.cwltest.yaml" name="initial_workdir_empty_writable_docker" file="cwl-v1.2-main/conformance_tests.cwltest.yaml" line="0" time="1.489" /><testcase classname="cwl-v1.2-main.conformance_tests.cwltest.yaml" name="timelimit_zero_unlimited_wf" file="cwl-v1.2-main/conformance_tests.cwltest.yaml" line="0" time="10.493" /><testcase classname="cwl-v1.2-main.conformance_tests.cwltest.yaml" name="input_records_file_entry_with_format" file="cwl-v1.2-main/conformance_tests.cwltest.yaml" line="0" time="0.341" /><testcase classname="cwl-v1.2-main.conformance_tests.cwltest.yaml" name="record_output_file_entry_format" file="cwl-v1.2-main/conformance_tests.cwltest.yaml" line="0" time="0.429" /><testcase classname="cwl-v1.2-main.conformance_tests.cwltest.yaml" name="step_input_default_value_overriden_2nd_step_noexp" file="cwl-v1.2-main/conformance_tests.cwltest.yaml" line="0" time="0.606" /><testcase classname="cwl-v1.2-main.conformance_tests.cwltest.yaml" name="input_records_file_entry_with_format_and_bad_regular_input_file_format" file="cwl-v1.2-main/conformance_tests.cwltest.yaml" line="0" time="0.251" /><testcase classname="cwl-v1.2-main.conformance_tests.cwltest.yaml" name="anonymous_enum_in_array" file="cwl-v1.2-main/conformance_tests.cwltest.yaml" line="0" time="0.153" /><testcase classname="cwl-v1.2-main.conformance_tests.cwltest.yaml" name="workflow_input_inputBinding_loadContents" file="cwl-v1.2-main/conformance_tests.cwltest.yaml" line="0" time="0.452" /><testcase classname="cwl-v1.2-main.conformance_tests.cwltest.yaml" name="input_records_file_entry_with_format_and_bad_entry_file_format" file="cwl-v1.2-main/conformance_tests.cwltest.yaml" line="0" time="0.258" /><testcase classname="cwl-v1.2-main.conformance_tests.cwltest.yaml" name="schema-def_anonymous_enum_in_array" file="cwl-v1.2-main/conformance_tests.cwltest.yaml" line="0" time="0.299" /><testcase classname="cwl-v1.2-main.conformance_tests.cwltest.yaml" name="no_outputs_commandlinetool" file="cwl-v1.2-main/conformance_tests.cwltest.yaml" line="0" time="1.457" /><testcase classname="cwl-v1.2-main.conformance_tests.cwltest.yaml" name="step_input_default_value_overriden_2nd_step_null" file="cwl-v1.2-main/conformance_tests.cwltest.yaml" line="0" time="0.365" /><testcase classname="cwl-v1.2-main.conformance_tests.cwltest.yaml" name="input_records_file_entry_with_format_and_bad_entry_array_file_format" file="cwl-v1.2-main/conformance_tests.cwltest.yaml" line="0" time="0.154" /><testcase classname="cwl-v1.2-main.conformance_tests.cwltest.yaml" name="stdin_shorcut" file="cwl-v1.2-main/conformance_tests.cwltest.yaml" line="0" time="1.500" /><testcase classname="cwl-v1.2-main.conformance_tests.cwltest.yaml" name="stage_file_array" file="cwl-v1.2-main/conformance_tests.cwltest.yaml" line="0" time="0.391" /><testcase classname="cwl-v1.2-main.conformance_tests.cwltest.yaml" name="workflow_union_default_input_unspecified" file="cwl-v1.2-main/conformance_tests.cwltest.yaml" line="0" time="0.134" /><testcase classname="cwl-v1.2-main.conformance_tests.cwltest.yaml" name="workflow_input_loadContents_without_inputBinding" file="cwl-v1.2-main/conformance_tests.cwltest.yaml" line="0" time="0.245" /><testcase classname="cwl-v1.2-main.conformance_tests.cwltest.yaml" name="illegal_symlink" file="cwl-v1.2-main/conformance_tests.cwltest.yaml" line="0" time="1.246" /><testcase classname="cwl-v1.2-main.conformance_tests.cwltest.yaml" name="workflow_union_default_input_with_file_provided" file="cwl-v1.2-main/conformance_tests.cwltest.yaml" line="0" time="0.324" /><testcase classname="cwl-v1.2-main.conformance_tests.cwltest.yaml" name="timelimit_invalid" file="cwl-v1.2-main/conformance_tests.cwltest.yaml" line="0" time="0.119" /><testcase classname="cwl-v1.2-main.conformance_tests.cwltest.yaml" name="expression_tool_input_loadContents" file="cwl-v1.2-main/conformance_tests.cwltest.yaml" line="0" time="0.231" /><testcase classname="cwl-v1.2-main.conformance_tests.cwltest.yaml" name="cwl_requirements_addition" file="cwl-v1.2-main/conformance_tests.cwltest.yaml" line="0" time="0.175" /><testcase classname="cwl-v1.2-main.conformance_tests.cwltest.yaml" name="timelimit_zero_unlimited" file="cwl-v1.2-main/conformance_tests.cwltest.yaml" line="0" time="15.152" /><testcase classname="cwl-v1.2-main.conformance_tests.cwltest.yaml" name="stage_file_array_basename" file="cwl-v1.2-main/conformance_tests.cwltest.yaml" line="0" time="0.411" /><testcase classname="cwl-v1.2-main.conformance_tests.cwltest.yaml" name="resreq_step_overrides_wf" file="cwl-v1.2-main/conformance_tests.cwltest.yaml" line="0" time="0.358" /><testcase classname="cwl-v1.2-main.conformance_tests.cwltest.yaml" name="workflowstep_valuefrom_string" file="cwl-v1.2-main/conformance_tests.cwltest.yaml" line="0" time="0.365" /><testcase classname="cwl-v1.2-main.conformance_tests.cwltest.yaml" name="cwl_requirements_override_expression" file="cwl-v1.2-main/conformance_tests.cwltest.yaml" line="0" time="0.317" /><testcase classname="cwl-v1.2-main.conformance_tests.cwltest.yaml" name="workflow_step_in_loadContents" file="cwl-v1.2-main/conformance_tests.cwltest.yaml" line="0" time="0.332" /><testcase classname="cwl-v1.2-main.conformance_tests.cwltest.yaml" name="listing_requirement_none" file="cwl-v1.2-main/conformance_tests.cwltest.yaml" line="0" time="0.676" /><testcase classname="cwl-v1.2-main.conformance_tests.cwltest.yaml" name="stage_file_array_entryname_overrides" file="cwl-v1.2-main/conformance_tests.cwltest.yaml" line="0" time="0.293" /><testcase classname="cwl-v1.2-main.conformance_tests.cwltest.yaml" name="cwl_requirements_override_static" file="cwl-v1.2-main/conformance_tests.cwltest.yaml" line="0" time="0.165" /><testcase classname="cwl-v1.2-main.conformance_tests.cwltest.yaml" name="workflowstep_valuefrom_file_basename" file="cwl-v1.2-main/conformance_tests.cwltest.yaml" line="0" time="0.287" /><testcase classname="cwl-v1.2-main.conformance_tests.cwltest.yaml" name="timelimit_basic" file="cwl-v1.2-main/conformance_tests.cwltest.yaml" line="0" time="3.143" /><testcase classname="cwl-v1.2-main.conformance_tests.cwltest.yaml" name="initial_workdir_output_glob" file="cwl-v1.2-main/conformance_tests.cwltest.yaml" line="0" time="0.244" /><testcase classname="cwl-v1.2-main.conformance_tests.cwltest.yaml" name="tmpdir_is_not_outdir" file="cwl-v1.2-main/conformance_tests.cwltest.yaml" line="0" time="0.194" /><testcase classname="cwl-v1.2-main.conformance_tests.cwltest.yaml" name="expression_tool_int_array_output" file="cwl-v1.2-main/conformance_tests.cwltest.yaml" line="0" time="0.145" /><testcase classname="cwl-v1.2-main.conformance_tests.cwltest.yaml" name="no_inputs_workflow" file="cwl-v1.2-main/conformance_tests.cwltest.yaml" line="0" time="0.891" /><testcase classname="cwl-v1.2-main.conformance_tests.cwltest.yaml" name="glob_outside_outputs_fails" file="cwl-v1.2-main/conformance_tests.cwltest.yaml" line="0" time="0.780" /><testcase classname="cwl-v1.2-main.conformance_tests.cwltest.yaml" name="workflowstep_int_array_input_output" file="cwl-v1.2-main/conformance_tests.cwltest.yaml" line="0" time="0.216" /><testcase classname="cwl-v1.2-main.conformance_tests.cwltest.yaml" name="listing_default_none" file="cwl-v1.2-main/conformance_tests.cwltest.yaml" line="0" time="0.243" /><testcase classname="cwl-v1.2-main.conformance_tests.cwltest.yaml" name="legal_symlink" file="cwl-v1.2-main/conformance_tests.cwltest.yaml" line="0" time="0.819" /><testcase classname="cwl-v1.2-main.conformance_tests.cwltest.yaml" name="secondary_files_in_unnamed_records" file="cwl-v1.2-main/conformance_tests.cwltest.yaml" line="0" time="0.134" /><testcase classname="cwl-v1.2-main.conformance_tests.cwltest.yaml" name="listing_loadListing_none" file="cwl-v1.2-main/conformance_tests.cwltest.yaml" line="0" time="0.190" /><testcase classname="cwl-v1.2-main.conformance_tests.cwltest.yaml" name="workflow_file_array_output" file="cwl-v1.2-main/conformance_tests.cwltest.yaml" line="0" time="0.216" /><testcase classname="cwl-v1.2-main.conformance_tests.cwltest.yaml" name="quoting_multiple_backslashes" file="cwl-v1.2-main/conformance_tests.cwltest.yaml" line="0" time="0.172" /><testcase classname="cwl-v1.2-main.conformance_tests.cwltest.yaml" name="secondary_files_in_named_records" file="cwl-v1.2-main/conformance_tests.cwltest.yaml" line="0" time="0.145" /><testcase classname="cwl-v1.2-main.conformance_tests.cwltest.yaml" name="listing_requirement_shallow" file="cwl-v1.2-main/conformance_tests.cwltest.yaml" line="0" time="0.310" /><testcase classname="cwl-v1.2-main.conformance_tests.cwltest.yaml" name="secondary_files_in_output_records" file="cwl-v1.2-main/conformance_tests.cwltest.yaml" line="0" time="0.170" /><testcase classname="cwl-v1.2-main.conformance_tests.cwltest.yaml" name="direct_required" file="cwl-v1.2-main/conformance_tests.cwltest.yaml" line="0" time="0.210" /><testcase classname="cwl-v1.2-main.conformance_tests.cwltest.yaml" name="escaping_expression_no_extra_quotes" file="cwl-v1.2-main/conformance_tests.cwltest.yaml" line="0" time="0.154" /><testcase classname="cwl-v1.2-main.conformance_tests.cwltest.yaml" name="first_non_null_all_null" file="cwl-v1.2-main/conformance_tests.cwltest.yaml" line="0" time="0.280" /><testcase classname="cwl-v1.2-main.conformance_tests.cwltest.yaml" name="direct_optional_null_result" file="cwl-v1.2-main/conformance_tests.cwltest.yaml" line="0" time="0.200" /><testcase classname="cwl-v1.2-main.conformance_tests.cwltest.yaml" name="pass_through_required_false_when" file="cwl-v1.2-main/conformance_tests.cwltest.yaml" line="0" time="0.192" /><testcase classname="cwl-v1.2-main.conformance_tests.cwltest.yaml" name="listing_loadListing_shallow" file="cwl-v1.2-main/conformance_tests.cwltest.yaml" line="0" time="0.253" /><testcase classname="cwl-v1.2-main.conformance_tests.cwltest.yaml" name="storage_float" file="cwl-v1.2-main/conformance_tests.cwltest.yaml" line="0" time="0.098" /><testcase classname="cwl-v1.2-main.conformance_tests.cwltest.yaml" name="any_input_param_graph_no_default" file="cwl-v1.2-main/conformance_tests.cwltest.yaml" line="0" time="0.119" /><testcase classname="cwl-v1.2-main.conformance_tests.cwltest.yaml" name="direct_optional_nonnull_result" file="cwl-v1.2-main/conformance_tests.cwltest.yaml" line="0" time="0.233" /><testcase classname="cwl-v1.2-main.conformance_tests.cwltest.yaml" name="pass_through_required_true_when" file="cwl-v1.2-main/conformance_tests.cwltest.yaml" line="0" time="0.257" /><testcase classname="cwl-v1.2-main.conformance_tests.cwltest.yaml" name="cat_synthetic_file" file="cwl-v1.2-main/conformance_tests.cwltest.yaml" line="0" time="0.145" /><testcase classname="cwl-v1.2-main.conformance_tests.cwltest.yaml" name="first_non_null_second_non_null" file="cwl-v1.2-main/conformance_tests.cwltest.yaml" line="0" time="0.325" /><testcase classname="cwl-v1.2-main.conformance_tests.cwltest.yaml" name="any_input_param_graph_no_default_hashmain" file="cwl-v1.2-main/conformance_tests.cwltest.yaml" line="0" time="0.122" /><testcase classname="cwl-v1.2-main.conformance_tests.cwltest.yaml" name="modify_file_content" file="cwl-v1.2-main/conformance_tests.cwltest.yaml" line="0" time="0.001"><skipped type="pytest.skip" message="Test 'modify_file_content' is in the exclude list.">/Users/icolonne/Projects/streamflow/streamflow/cwl-v1.2-main/conformance_tests.cwltest.yaml:1: Test 'modify_file_content' is in the exclude list.</skipped></testcase><testcase classname="cwl-v1.2-main.conformance_tests.cwltest.yaml" name="modify_directory_content" file="cwl-v1.2-main/conformance_tests.cwltest.yaml" line="0" time="0.270" /><testcase classname="cwl-v1.2-main.conformance_tests.cwltest.yaml" name="listing_outputBinding_loadListing" file="cwl-v1.2-main/conformance_tests.cwltest.yaml" line="0" time="0.457" /><testcase classname="cwl-v1.2-main.conformance_tests.cwltest.yaml" name="continuation" file="cwl-v1.2-main/conformance_tests.cwltest.yaml" line="0" time="0.106" /><testcase classname="cwl-v1.2-main.conformance_tests.cwltest.yaml" name="pass_through_required_fail" file="cwl-v1.2-main/conformance_tests.cwltest.yaml" line="0" time="0.218" /><testcase classname="cwl-v1.2-main.conformance_tests.cwltest.yaml" name="optional_numerical_output_returns_0_not_null" file="cwl-v1.2-main/conformance_tests.cwltest.yaml" line="0" time="0.244" /><testcase classname="cwl-v1.2-main.conformance_tests.cwltest.yaml" name="first_non_null_first_non_null" file="cwl-v1.2-main/conformance_tests.cwltest.yaml" line="0" time="0.322" /><testcase classname="cwl-v1.2-main.conformance_tests.cwltest.yaml" name="continuation_expression" file="cwl-v1.2-main/conformance_tests.cwltest.yaml" line="0" time="0.126" /><testcase classname="cwl-v1.2-main.conformance_tests.cwltest.yaml" name="pass_through_required_the_only_non_null" file="cwl-v1.2-main/conformance_tests.cwltest.yaml" line="0" time="0.164" /><testcase classname="cwl-v1.2-main.conformance_tests.cwltest.yaml" name="outputbinding_glob_directory" file="cwl-v1.2-main/conformance_tests.cwltest.yaml" line="0" time="0.109" /><testcase classname="cwl-v1.2-main.conformance_tests.cwltest.yaml" name="scatter_on_scattered_conditional" file="cwl-v1.2-main/conformance_tests.cwltest.yaml" line="0" time="0.337" /><testcase classname="cwl-v1.2-main.conformance_tests.cwltest.yaml" name="all_non_null_multi_with_non_array_output" file="cwl-v1.2-main/conformance_tests.cwltest.yaml" line="0" time="0.054" /><testcase classname="cwl-v1.2-main.conformance_tests.cwltest.yaml" name="cores_float" file="cwl-v1.2-main/conformance_tests.cwltest.yaml" line="0" time="0.098" /><testcase classname="cwl-v1.2-main.conformance_tests.cwltest.yaml" name="the_only_non_null_single_true" file="cwl-v1.2-main/conformance_tests.cwltest.yaml" line="0" time="0.274" /><testcase classname="cwl-v1.2-main.conformance_tests.cwltest.yaml" name="direct_required_nojs" file="cwl-v1.2-main/conformance_tests.cwltest.yaml" line="0" time="0.104" /><testcase classname="cwl-v1.2-main.conformance_tests.cwltest.yaml" name="conditionals_multi_scatter" file="cwl-v1.2-main/conformance_tests.cwltest.yaml" line="0" time="0.467" /><testcase classname="cwl-v1.2-main.conformance_tests.cwltest.yaml" name="first_non_null_first_non_null_nojs" file="cwl-v1.2-main/conformance_tests.cwltest.yaml" line="0" time="0.170" /><testcase classname="cwl-v1.2-main.conformance_tests.cwltest.yaml" name="the_only_non_null_multi_true" file="cwl-v1.2-main/conformance_tests.cwltest.yaml" line="0" time="0.318" /><testcase classname="cwl-v1.2-main.conformance_tests.cwltest.yaml" name="pass_through_required_false_when_nojs" file="cwl-v1.2-main/conformance_tests.cwltest.yaml" line="0" time="0.116" /><testcase classname="cwl-v1.2-main.conformance_tests.cwltest.yaml" name="all_non_null_multi_non_null" file="cwl-v1.2-main/conformance_tests.cwltest.yaml" line="0" time="0.308" /><testcase classname="cwl-v1.2-main.conformance_tests.cwltest.yaml" name="pass_through_required_true_when_nojs" file="cwl-v1.2-main/conformance_tests.cwltest.yaml" line="0" time="0.129" /><testcase classname="cwl-v1.2-main.conformance_tests.cwltest.yaml" name="first_non_null_all_null_nojs" file="cwl-v1.2-main/conformance_tests.cwltest.yaml" line="0" time="0.120" /><testcase classname="cwl-v1.2-main.conformance_tests.cwltest.yaml" name="conditionals_nested_cross_scatter" file="cwl-v1.2-main/conformance_tests.cwltest.yaml" line="0" time="0.853" /><testcase classname="cwl-v1.2-main.conformance_tests.cwltest.yaml" name="pass_through_required_the_only_non_null_nojs" file="cwl-v1.2-main/conformance_tests.cwltest.yaml" line="0" time="0.098" /><testcase classname="cwl-v1.2-main.conformance_tests.cwltest.yaml" name="all_non_null_multi_with_non_array_output_nojs" file="cwl-v1.2-main/conformance_tests.cwltest.yaml" line="0" time="0.048" /><testcase classname="cwl-v1.2-main.conformance_tests.cwltest.yaml" name="first_non_null_second_non_null_nojs" file="cwl-v1.2-main/conformance_tests.cwltest.yaml" line="0" time="0.164" /><testcase classname="cwl-v1.2-main.conformance_tests.cwltest.yaml" name="pass_through_required_fail_nojs" file="cwl-v1.2-main/conformance_tests.cwltest.yaml" line="0" time="0.133" /><testcase classname="cwl-v1.2-main.conformance_tests.cwltest.yaml" name="all_non_null_all_null" file="cwl-v1.2-main/conformance_tests.cwltest.yaml" line="0" time="0.252" /><testcase classname="cwl-v1.2-main.conformance_tests.cwltest.yaml" name="the_only_non_null_single_true_nojs" file="cwl-v1.2-main/conformance_tests.cwltest.yaml" line="0" time="0.171" /><testcase classname="cwl-v1.2-main.conformance_tests.cwltest.yaml" name="condifional_scatter_on_nonscattered_false" file="cwl-v1.2-main/conformance_tests.cwltest.yaml" line="0" time="0.224" /><testcase classname="cwl-v1.2-main.conformance_tests.cwltest.yaml" name="all_non_null_one_non_null_nojs" file="cwl-v1.2-main/conformance_tests.cwltest.yaml" line="0" time="0.178" /><testcase classname="cwl-v1.2-main.conformance_tests.cwltest.yaml" name="direct_optional_null_result_nojs" file="cwl-v1.2-main/conformance_tests.cwltest.yaml" line="0" time="0.130" /><testcase classname="cwl-v1.2-main.conformance_tests.cwltest.yaml" name="the_only_non_null_multi_true_nojs" file="cwl-v1.2-main/conformance_tests.cwltest.yaml" line="0" time="0.200" /><testcase classname="cwl-v1.2-main.conformance_tests.cwltest.yaml" name="condifional_scatter_on_nonscattered_false_nojs" file="cwl-v1.2-main/conformance_tests.cwltest.yaml" line="0" time="0.171" /><testcase classname="cwl-v1.2-main.conformance_tests.cwltest.yaml" name="condifional_scatter_on_nonscattered_true" file="cwl-v1.2-main/conformance_tests.cwltest.yaml" line="0" time="0.411" /><testcase classname="cwl-v1.2-main.conformance_tests.cwltest.yaml" name="direct_optional_nonnull_result_nojs" file="cwl-v1.2-main/conformance_tests.cwltest.yaml" line="0" time="0.096" /><testcase classname="cwl-v1.2-main.conformance_tests.cwltest.yaml" name="all_non_null_one_non_null" file="cwl-v1.2-main/conformance_tests.cwltest.yaml" line="0" time="0.261" /><testcase classname="cwl-v1.2-main.conformance_tests.cwltest.yaml" name="all_non_null_multi_non_null_nojs" file="cwl-v1.2-main/conformance_tests.cwltest.yaml" line="0" time="0.177" /><testcase classname="cwl-v1.2-main.conformance_tests.cwltest.yaml" name="all_non_null_all_null_nojs" file="cwl-v1.2-main/conformance_tests.cwltest.yaml" line="0" time="0.122" /><testcase classname="cwl-v1.2-main.conformance_tests.cwltest.yaml" name="condifional_scatter_on_nonscattered_true_nojs" file="cwl-v1.2-main/conformance_tests.cwltest.yaml" line="0" time="0.275" /><testcase classname="cwl-v1.2-main.conformance_tests.cwltest.yaml" name="conditionals_non_boolean_fail_nojs" file="cwl-v1.2-main/conformance_tests.cwltest.yaml" line="0" time="0.087" /><testcase classname="cwl-v1.2-main.conformance_tests.cwltest.yaml" name="conditionals_multi_scatter_nojs" file="cwl-v1.2-main/conformance_tests.cwltest.yaml" line="0" time="0.411" /><testcase classname="cwl-v1.2-main.conformance_tests.cwltest.yaml" name="mixed_version_v10_wf" file="cwl-v1.2-main/conformance_tests.cwltest.yaml" line="0" time="0.195" /><testcase classname="cwl-v1.2-main.conformance_tests.cwltest.yaml" name="command_input_file_expression" file="cwl-v1.2-main/conformance_tests.cwltest.yaml" line="0" time="0.157" /><testcase classname="cwl-v1.2-main.conformance_tests.cwltest.yaml" name="cond-with-defaults-1" file="cwl-v1.2-main/conformance_tests.cwltest.yaml" line="0" time="0.477" /><testcase classname="cwl-v1.2-main.conformance_tests.cwltest.yaml" name="command_output_file_expression" file="cwl-v1.2-main/conformance_tests.cwltest.yaml" line="0" time="0.168" /><testcase classname="cwl-v1.2-main.conformance_tests.cwltest.yaml" name="mixed_version_v12_wf" file="cwl-v1.2-main/conformance_tests.cwltest.yaml" line="0" time="0.337" /><testcase classname="cwl-v1.2-main.conformance_tests.cwltest.yaml" name="mixed_version_v11_wf" file="cwl-v1.2-main/conformance_tests.cwltest.yaml" line="0" time="0.175" /><testcase classname="cwl-v1.2-main.conformance_tests.cwltest.yaml" name="scatter_on_scattered_conditional_nojs" file="cwl-v1.2-main/conformance_tests.cwltest.yaml" line="0" time="0.239" /><testcase classname="cwl-v1.2-main.conformance_tests.cwltest.yaml" name="conditionals_non_boolean_fail" file="cwl-v1.2-main/conformance_tests.cwltest.yaml" line="0" time="0.161" /><testcase classname="cwl-v1.2-main.conformance_tests.cwltest.yaml" name="invalid_syntax_v11_uses_v12_tool" file="cwl-v1.2-main/conformance_tests.cwltest.yaml" line="0" time="0.038" /><testcase classname="cwl-v1.2-main.conformance_tests.cwltest.yaml" name="invalid_syntax_v11_uses_v12_workflow" file="cwl-v1.2-main/conformance_tests.cwltest.yaml" line="0" time="0.047" /><testcase classname="cwl-v1.2-main.conformance_tests.cwltest.yaml" name="cwloutput_nolimit" file="cwl-v1.2-main/conformance_tests.cwltest.yaml" line="0" time="6.419" /><testcase classname="cwl-v1.2-main.conformance_tests.cwltest.yaml" name="invalid_syntax_v10_uses_v12_tool" file="cwl-v1.2-main/conformance_tests.cwltest.yaml" line="0" time="0.043" /><testcase classname="cwl-v1.2-main.conformance_tests.cwltest.yaml" name="invalid_syntax_mixed_v12_workflow" file="cwl-v1.2-main/conformance_tests.cwltest.yaml" line="0" time="0.052" /><testcase classname="cwl-v1.2-main.conformance_tests.cwltest.yaml" name="loadcontents_limit" file="cwl-v1.2-main/conformance_tests.cwltest.yaml" line="0" time="0.068" /><testcase classname="cwl-v1.2-main.conformance_tests.cwltest.yaml" name="conditionals_nested_cross_scatter_nojs" file="cwl-v1.2-main/conformance_tests.cwltest.yaml" line="0" time="0.667" /><testcase classname="cwl-v1.2-main.conformance_tests.cwltest.yaml" name="iwd-jsondump1" file="cwl-v1.2-main/conformance_tests.cwltest.yaml" line="0" time="0.118" /><testcase classname="cwl-v1.2-main.conformance_tests.cwltest.yaml" name="iwd-jsondump1-nl" file="cwl-v1.2-main/conformance_tests.cwltest.yaml" line="0" time="0.122" /><testcase classname="cwl-v1.2-main.conformance_tests.cwltest.yaml" name="iwd-jsondump2" file="cwl-v1.2-main/conformance_tests.cwltest.yaml" line="0" time="0.107" /><testcase classname="cwl-v1.2-main.conformance_tests.cwltest.yaml" name="invalid_syntax_v10_uses_v12_workflow" file="cwl-v1.2-main/conformance_tests.cwltest.yaml" line="0" time="0.048" /><testcase classname="cwl-v1.2-main.conformance_tests.cwltest.yaml" name="cond-with-defaults-2" file="cwl-v1.2-main/conformance_tests.cwltest.yaml" line="0" time="0.473" /><testcase classname="cwl-v1.2-main.conformance_tests.cwltest.yaml" name="listing_requirement_deep" file="cwl-v1.2-main/conformance_tests.cwltest.yaml" line="0" time="0.295" /><testcase classname="cwl-v1.2-main.conformance_tests.cwltest.yaml" name="iwd-passthrough2" file="cwl-v1.2-main/conformance_tests.cwltest.yaml" line="0" time="1.168" /><testcase classname="cwl-v1.2-main.conformance_tests.cwltest.yaml" name="iwd-jsondump3" file="cwl-v1.2-main/conformance_tests.cwltest.yaml" line="0" time="0.087" /><testcase classname="cwl-v1.2-main.conformance_tests.cwltest.yaml" name="iwd-jsondump3-nl" file="cwl-v1.2-main/conformance_tests.cwltest.yaml" line="0" time="0.120" /><testcase classname="cwl-v1.2-main.conformance_tests.cwltest.yaml" name="iwd-passthrough1" file="cwl-v1.2-main/conformance_tests.cwltest.yaml" line="0" time="0.218" /><testcase classname="cwl-v1.2-main.conformance_tests.cwltest.yaml" name="iwd-fileobjs1" file="cwl-v1.2-main/conformance_tests.cwltest.yaml" line="0" time="0.136" /><testcase classname="cwl-v1.2-main.conformance_tests.cwltest.yaml" name="iwd-fileobjs2" file="cwl-v1.2-main/conformance_tests.cwltest.yaml" line="0" time="0.137" /><testcase classname="cwl-v1.2-main.conformance_tests.cwltest.yaml" name="iwd-container-entryname2" file="cwl-v1.2-main/conformance_tests.cwltest.yaml" line="0" time="0.091" /><testcase classname="cwl-v1.2-main.conformance_tests.cwltest.yaml" name="iwd-container-entryname1" file="cwl-v1.2-main/conformance_tests.cwltest.yaml" line="0" time="1.087" /><testcase classname="cwl-v1.2-main.conformance_tests.cwltest.yaml" name="listing_loadListing_deep" file="cwl-v1.2-main/conformance_tests.cwltest.yaml" line="0" time="0.205" /><testcase classname="cwl-v1.2-main.conformance_tests.cwltest.yaml" name="iwd-container-entryname3" file="cwl-v1.2-main/conformance_tests.cwltest.yaml" line="0" time="0.883" /><testcase classname="cwl-v1.2-main.conformance_tests.cwltest.yaml" name="iwd-container-entryname4" file="cwl-v1.2-main/conformance_tests.cwltest.yaml" line="0" time="0.082" /><testcase classname="cwl-v1.2-main.conformance_tests.cwltest.yaml" name="simple_simple_scatter" file="cwl-v1.2-main/conformance_tests.cwltest.yaml" line="0" time="0.529" /><testcase classname="cwl-v1.2-main.conformance_tests.cwltest.yaml" name="iwd-passthrough3" file="cwl-v1.2-main/conformance_tests.cwltest.yaml" line="0" time="0.130" /><testcase classname="cwl-v1.2-main.conformance_tests.cwltest.yaml" name="inputBinding_position_expr" file="cwl-v1.2-main/conformance_tests.cwltest.yaml" line="0" time="0.136" /><testcase classname="cwl-v1.2-main.conformance_tests.cwltest.yaml" name="iwd-jsondump2-nl" file="cwl-v1.2-main/conformance_tests.cwltest.yaml" line="0" time="0.189" /><testcase classname="cwl-v1.2-main.conformance_tests.cwltest.yaml" name="simple_dotproduct_scatter" file="cwl-v1.2-main/conformance_tests.cwltest.yaml" line="0" time="0.905" /><testcase classname="cwl-v1.2-main.conformance_tests.cwltest.yaml" name="outputEval_exitCode" file="cwl-v1.2-main/conformance_tests.cwltest.yaml" line="0" time="0.184" /><testcase classname="cwl-v1.2-main.conformance_tests.cwltest.yaml" name="dotproduct_dotproduct_scatter" file="cwl-v1.2-main/conformance_tests.cwltest.yaml" line="0" time="1.125" /><testcase classname="cwl-v1.2-main.conformance_tests.cwltest.yaml" name="simple_flat_crossproduct_scatter" file="cwl-v1.2-main/conformance_tests.cwltest.yaml" line="0" time="2.152" /><testcase classname="cwl-v1.2-main.conformance_tests.cwltest.yaml" name="dotproduct_simple_scatter" file="cwl-v1.2-main/conformance_tests.cwltest.yaml" line="0" time="0.946" /><testcase classname="cwl-v1.2-main.conformance_tests.cwltest.yaml" name="iwd-passthrough4" file="cwl-v1.2-main/conformance_tests.cwltest.yaml" line="0" time="0.213" /><testcase classname="cwl-v1.2-main.conformance_tests.cwltest.yaml" name="iwd-subdir" file="cwl-v1.2-main/conformance_tests.cwltest.yaml" line="0" time="0.509" /><testcase classname="cwl-v1.2-main.conformance_tests.cwltest.yaml" name="iwdr_dir_literal_real_file" file="cwl-v1.2-main/conformance_tests.cwltest.yaml" line="0" time="0.944" /><testcase classname="cwl-v1.2-main.conformance_tests.cwltest.yaml" name="nested_crossproduct_nested_crossproduct_scatter" file="cwl-v1.2-main/conformance_tests.cwltest.yaml" line="0" time="4.118" /><testcase classname="cwl-v1.2-main.conformance_tests.cwltest.yaml" name="flat_crossproduct_simple_scatter" file="cwl-v1.2-main/conformance_tests.cwltest.yaml" line="0" time="1.828" /><testcase classname="cwl-v1.2-main.conformance_tests.cwltest.yaml" name="params_broken_null" file="cwl-v1.2-main/conformance_tests.cwltest.yaml" line="0" time="0.178" /><testcase classname="cwl-v1.2-main.conformance_tests.cwltest.yaml" name="output_secondaryfile_optional" file="cwl-v1.2-main/conformance_tests.cwltest.yaml" line="0" time="0.880" /><testcase classname="cwl-v1.2-main.conformance_tests.cwltest.yaml" name="flat_crossproduct_flat_crossproduct_scatter" file="cwl-v1.2-main/conformance_tests.cwltest.yaml" line="0" time="3.662" /><testcase classname="cwl-v1.2-main.conformance_tests.cwltest.yaml" name="colon_in_paths" file="cwl-v1.2-main/conformance_tests.cwltest.yaml" line="0" time="0.986" /><testcase classname="cwl-v1.2-main.conformance_tests.cwltest.yaml" name="simple_nested_crossproduct_scatter" file="cwl-v1.2-main/conformance_tests.cwltest.yaml" line="0" time="1.559" /><testcase classname="cwl-v1.2-main.conformance_tests.cwltest.yaml" name="length_for_non_array" file="cwl-v1.2-main/conformance_tests.cwltest.yaml" line="0" time="0.097" /><testcase classname="cwl-v1.2-main.conformance_tests.cwltest.yaml" name="record_outputeval_nojs" file="cwl-v1.2-main/conformance_tests.cwltest.yaml" line="0" time="0.159" /><testcase classname="cwl-v1.2-main.conformance_tests.cwltest.yaml" name="staging-basename" file="cwl-v1.2-main/conformance_tests.cwltest.yaml" line="0" time="0.219" /><testcase classname="cwl-v1.2-main.conformance_tests.cwltest.yaml" name="valuefrom_ignored_null" file="cwl-v1.2-main/conformance_tests.cwltest.yaml" line="0" time="0.091" /><testcase classname="cwl-v1.2-main.conformance_tests.cwltest.yaml" name="valuefrom_secondexpr_ignored" file="cwl-v1.2-main/conformance_tests.cwltest.yaml" line="0" time="0.510" /><testcase classname="cwl-v1.2-main.conformance_tests.cwltest.yaml" name="runtime-outdir" file="cwl-v1.2-main/conformance_tests.cwltest.yaml" line="0" time="0.107" /><testcase classname="cwl-v1.2-main.conformance_tests.cwltest.yaml" name="record_with_default" file="cwl-v1.2-main/conformance_tests.cwltest.yaml" line="0" time="0.111" /><testcase classname="cwl-v1.2-main.conformance_tests.cwltest.yaml" name="record_order_with_input_bindings" file="cwl-v1.2-main/conformance_tests.cwltest.yaml" line="0" time="0.845" /><testcase classname="cwl-v1.2-main.conformance_tests.cwltest.yaml" name="nested_crossproduct_simple_scatter" file="cwl-v1.2-main/conformance_tests.cwltest.yaml" line="0" time="1.269" /><testcase classname="cwl-v1.2-main.conformance_tests.cwltest.yaml" name="output_reference_workflow_input" file="cwl-v1.2-main/conformance_tests.cwltest.yaml" line="0" time="0.077" /><testcase classname="cwl-v1.2-main.conformance_tests.cwltest.yaml" name="js-input-record" file="cwl-v1.2-main/conformance_tests.cwltest.yaml" line="0" time="0.150" /><testcase classname="cwl-v1.2-main.conformance_tests.cwltest.yaml" name="schemadef_types_with_import" file="cwl-v1.2-main/conformance_tests.cwltest.yaml" line="0" time="0.168" /><testcase classname="cwl-v1.2-main.conformance_tests.cwltest.yaml" name="valuefrom_wf_step" file="cwl-v1.2-main/conformance_tests.cwltest.yaml" line="0" time="0.164" /><testcase classname="cwl-v1.2-main.conformance_tests.cwltest.yaml" name="directory_literal_with_literal_file_in_subdir_nostdin" file="cwl-v1.2-main/conformance_tests.cwltest.yaml" line="0" time="0.123" /><testcase classname="cwl-v1.2-main.conformance_tests.cwltest.yaml" name="filename_with_hash_mark" file="cwl-v1.2-main/conformance_tests.cwltest.yaml" line="0" time="0.120" /><testcase classname="cwl-v1.2-main.conformance_tests.cwltest.yaml" name="valuefrom_wf_step_multiple" file="cwl-v1.2-main/conformance_tests.cwltest.yaml" line="0" time="0.459" /><testcase classname="cwl-v1.2-main.conformance_tests.cwltest.yaml" name="record_outputeval" file="cwl-v1.2-main/conformance_tests.cwltest.yaml" line="0" time="0.456" /><testcase classname="cwl-v1.2-main.conformance_tests.cwltest.yaml" name="capture_files" file="cwl-v1.2-main/conformance_tests.cwltest.yaml" line="0" time="0.087" /><testcase classname="cwl-v1.2-main.conformance_tests.cwltest.yaml" name="capture_dirs" file="cwl-v1.2-main/conformance_tests.cwltest.yaml" line="0" time="0.100" /><testcase classname="cwl-v1.2-main.conformance_tests.cwltest.yaml" name="very_big_and_very_floats_nojs" file="cwl-v1.2-main/conformance_tests.cwltest.yaml" line="0" time="0.207" /><testcase classname="cwl-v1.2-main.conformance_tests.cwltest.yaml" name="default_with_falsey_value" file="cwl-v1.2-main/conformance_tests.cwltest.yaml" line="0" time="0.139" /><testcase classname="cwl-v1.2-main.conformance_tests.cwltest.yaml" name="stdout_chained_commands" file="cwl-v1.2-main/conformance_tests.cwltest.yaml" line="0" time="0.088" /><testcase classname="cwl-v1.2-main.conformance_tests.cwltest.yaml" name="paramref_arguments_runtime" file="cwl-v1.2-main/conformance_tests.cwltest.yaml" line="0" time="0.090" /><testcase classname="cwl-v1.2-main.conformance_tests.cwltest.yaml" name="nested_types" file="cwl-v1.2-main/conformance_tests.cwltest.yaml" line="0" time="0.097" /><testcase classname="cwl-v1.2-main.conformance_tests.cwltest.yaml" name="paramref_arguments_self" file="cwl-v1.2-main/conformance_tests.cwltest.yaml" line="0" time="0.076" /><testcase classname="cwl-v1.2-main.conformance_tests.cwltest.yaml" name="paramref_arguments_inputs" file="cwl-v1.2-main/conformance_tests.cwltest.yaml" line="0" time="0.338" /><testcase classname="cwl-v1.2-main.conformance_tests.cwltest.yaml" name="capture_files_and_dirs" file="cwl-v1.2-main/conformance_tests.cwltest.yaml" line="0" time="0.123" /><testcase classname="cwl-v1.2-main.conformance_tests.cwltest.yaml" name="very_big_and_very_floats" file="cwl-v1.2-main/conformance_tests.cwltest.yaml" line="0" time="0.134" /><testcase classname="cwl-v1.2-main.conformance_tests.cwltest.yaml" name="multiple-input-feature-requirement" file="cwl-v1.2-main/conformance_tests.cwltest.yaml" line="0" time="0.106" /><testcase classname="cwl-v1.2-main.conformance_tests.cwltest.yaml" name="timelimit_from_expression_wf" file="cwl-v1.2-main/conformance_tests.cwltest.yaml" line="0" time="3.063" /><testcase classname="cwl-v1.2-main.conformance_tests.cwltest.yaml" name="user_defined_length_in_parameter_reference" file="cwl-v1.2-main/conformance_tests.cwltest.yaml" line="0" time="0.073" /><testcase classname="cwl-v1.2-main.conformance_tests.cwltest.yaml" name="colon_in_output_path" file="cwl-v1.2-main/conformance_tests.cwltest.yaml" line="0" time="0.445" /><testcase classname="cwl-v1.2-main.conformance_tests.cwltest.yaml" name="iwd-nolimit" file="cwl-v1.2-main/conformance_tests.cwltest.yaml" line="0" time="0.056" /><testcase classname="cwl-v1.2-main.conformance_tests.cwltest.yaml" name="networkaccess" file="cwl-v1.2-main/conformance_tests.cwltest.yaml" line="0" time="2.540" /><testcase classname="cwl-v1.2-main.conformance_tests.cwltest.yaml" name="networkaccess_disabled" file="cwl-v1.2-main/conformance_tests.cwltest.yaml" line="0" time="0.554" /><testcase classname="cwl-v1.2-main.conformance_tests.cwltest.yaml" name="timelimit_from_expression" file="cwl-v1.2-main/conformance_tests.cwltest.yaml" line="0" time="3.041" /><testcase classname="cwl-v1.2-main.conformance_tests.cwltest.yaml" name="initial_work_dir_for_null_and_arrays" file="cwl-v1.2-main/conformance_tests.cwltest.yaml" line="0" time="0.083" /><testcase classname="cwl-v1.2-main.conformance_tests.cwltest.yaml" name="initial_work_dir_for_array_dirs" file="cwl-v1.2-main/conformance_tests.cwltest.yaml" line="0" time="0.065" /><testcase classname="cwl-v1.2-main.conformance_tests.cwltest.yaml" name="timelimit_expressiontool" file="cwl-v1.2-main/conformance_tests.cwltest.yaml" line="0" time="1.381" /><testcase classname="cwl-v1.2-main.conformance_tests.cwltest.yaml" name="timelimit_basic_wf" file="cwl-v1.2-main/conformance_tests.cwltest.yaml" line="0" time="8.062" /><testcase classname="cwl-v1.2-main.conformance_tests.cwltest.yaml" name="timelimit_invalid_wf" file="cwl-v1.2-main/conformance_tests.cwltest.yaml" line="0" time="24.375" /></testsuite></testsuites>